10-18 11:28:12.466: E/hwcomposer(205): void qhwc::QueuedBufferStore::unlockBuffer(private_handle_t*) Invalid Handle
10-18 11:28:13.858: E/Database(25902): Failure 1 (no such table: old.role_info) on 0x400e9010 when preparing 'insert into role_info select * from old.role_info'.
10-18 11:28:15.229: E/AudioPolicyManagerBase(217): getOutput() IOProfile is null.
10-18 11:28:15.239: E/AudioPolicyManagerBase(217): getOutput() IOProfile is null.
10-18 11:28:15.239: E/AudioPolicyManagerBase(217): getOutput() IOProfile is null.
10-18 11:28:17.402: E/overlay(205): Failed to call ioctl MSMFB_OVERLAY_SET err=Operation not permitted
10-18 11:28:17.402: E/overlay(205): MdpCtrl failed to setOverlay, restoring last known good ov info
10-18 11:28:17.402: E/overlay(205): == Bad OVInfo is:  mdp_overlay z=1 fg=0 alpha=255 mask=-1 flags=0x840000 id=-1
10-18 11:28:17.402: E/overlay(205): src msmfb_img w=1088 h=1920 format=14 MDP_RGBX_8888
10-18 11:28:17.402: E/overlay(205): src_rect mdp_rect x=0 y=75 w=1073 h=1845
10-18 11:28:17.402: E/overlay(205): dst_rect mdp_rect x=7 y=75 w=1073 h=1845
10-18 11:28:17.402: E/overlay(205): user_data user_data cnt=8
10-18 11:28:17.402: E/overlay(205): i=0 val=0
10-18 11:28:17.402: E/overlay(205): i=1 val=0
10-18 11:28:17.402: E/overlay(205): i=2 val=0
10-18 11:28:17.402: E/overlay(205): i=3 val=0
10-18 11:28:17.402: E/overlay(205): i=4 val=0
10-18 11:28:17.402: E/overlay(205): i=5 val=0
10-18 11:28:17.402: E/overlay(205): i=6 val=0
10-18 11:28:17.402: E/overlay(205): i=7 val=0
10-18 11:28:17.402: E/overlay(205): == Last good known OVInfo is:  mdp_overlay z=0 fg=0 alpha=0 mask=0 flags=0x0 id=-1
10-18 11:28:17.402: E/overlay(205): src msmfb_img w=0 h=0 format=0 MDP_RGB_565
10-18 11:28:17.402: E/overlay(205): src_rect mdp_rect x=0 y=0 w=0 h=0
10-18 11:28:17.402: E/overlay(205): dst_rect mdp_rect x=0 y=0 w=0 h=0
10-18 11:28:17.402: E/overlay(205): user_data user_data cnt=8
10-18 11:28:17.402: E/overlay(205): i=0 val=0
10-18 11:28:17.402: E/overlay(205): i=1 val=0
10-18 11:28:17.402: E/overlay(205): i=2 val=0
10-18 11:28:17.402: E/overlay(205): i=3 val=0
10-18 11:28:17.402: E/overlay(205): i=4 val=0
10-18 11:28:17.402: E/overlay(205): i=5 val=0
10-18 11:28:17.402: E/overlay(205): i=6 val=0
10-18 11:28:17.402: E/overlay(205): i=7 val=0
10-18 11:28:17.402: E/overlay(205): MdpCtrl Lkgo ov has id -1, will not restore
10-18 11:28:17.402: E/overlay(205): Ctrl commit failed set overlay
10-18 11:28:17.402: E/overlay(205): OverlayImpl p0 failed to commit
10-18 11:28:17.402: E/overlay(205): Overlay commit failed
10-18 11:28:17.402: E/hwcomposer(205): prepare: commit failed
10-18 11:28:17.552: E/ActivityThread(25902): Failed to find provider info for com.tencent.mm.coolassist.debugprovider
10-18 11:28:17.702: E/overlay(205): Failed to call ioctl MSMFB_OVERLAY_SET err=Operation not permitted
10-18 11:28:17.702: E/overlay(205): MdpCtrl failed to setOverlay, restoring last known good ov info
10-18 11:28:17.702: E/overlay(205): == Bad OVInfo is:  mdp_overlay z=0 fg=1 alpha=255 mask=-1 flags=0x840000 id=-1
10-18 11:28:17.702: E/overlay(205): src msmfb_img w=1088 h=1920 format=14 MDP_RGBX_8888
10-18 11:28:17.702: E/overlay(205): src_rect mdp_rect x=0 y=75 w=1080 h=1845
10-18 11:28:17.702: E/overlay(205): dst_rect mdp_rect x=0 y=75 w=1080 h=1845
10-18 11:28:17.702: E/overlay(205): user_data user_data cnt=8
10-18 11:28:17.702: E/overlay(205): i=0 val=0
10-18 11:28:17.702: E/overlay(205): i=1 val=0
10-18 11:28:17.702: E/overlay(205): i=2 val=0
10-18 11:28:17.702: E/overlay(205): i=3 val=0
10-18 11:28:17.702: E/overlay(205): i=4 val=0
10-18 11:28:17.702: E/overlay(205): i=5 val=0
10-18 11:28:17.702: E/overlay(205): i=6 val=0
10-18 11:28:17.702: E/overlay(205): i=7 val=0
10-18 11:28:17.702: E/overlay(205): == Last good known OVInfo is:  mdp_overlay z=0 fg=0 alpha=0 mask=0 flags=0x0 id=-1
10-18 11:28:17.702: E/overlay(205): src msmfb_img w=0 h=0 format=0 MDP_RGB_565
10-18 11:28:17.702: E/overlay(205): src_rect mdp_rect x=0 y=0 w=0 h=0
10-18 11:28:17.702: E/overlay(205): dst_rect mdp_rect x=0 y=0 w=0 h=0
10-18 11:28:17.702: E/overlay(205): user_data user_data cnt=8
10-18 11:28:17.702: E/overlay(205): i=0 val=0
10-18 11:28:17.702: E/overlay(205): i=1 val=0
10-18 11:28:17.702: E/overlay(205): i=2 val=0
10-18 11:28:17.702: E/overlay(205): i=3 val=0
10-18 11:28:17.702: E/overlay(205): i=4 val=0
10-18 11:28:17.702: E/overlay(205): i=5 val=0
10-18 11:28:17.702: E/overlay(205): i=6 val=0
10-18 11:28:17.702: E/overlay(205): i=7 val=0
10-18 11:28:17.702: E/overlay(205): MdpCtrl Lkgo ov has id -1, will not restore
10-18 11:28:17.702: E/overlay(205): Ctrl commit failed set overlay
10-18 11:28:17.702: E/overlay(205): OverlayImpl p0 failed to commit
10-18 11:28:17.702: E/overlay(205): Overlay commit failed
10-18 11:28:17.702: E/hwcomposer(205): prepare: commit failed
10-18 11:28:34.630: E/AudioPolicyManagerBase(217): getOutput() IOProfile is null.
10-18 11:28:34.630: E/AudioPolicyManagerBase(217): getOutput() IOProfile is null.
10-18 11:28:34.630: E/AudioPolicyManagerBase(217): getOutput() IOProfile is null.
10-18 11:28:34.971: E/overlay(205): Failed to call ioctl MSMFB_OVERLAY_SET err=Operation not permitted
10-18 11:28:34.971: E/overlay(205): MdpCtrl failed to setOverlay, restoring last known good ov info
10-18 11:28:34.971: E/overlay(205): == Bad OVInfo is:  mdp_overlay z=1 fg=0 alpha=255 mask=-1 flags=0x840000 id=-1
10-18 11:28:34.971: E/overlay(205): src msmfb_img w=1088 h=1920 format=14 MDP_RGBX_8888
10-18 11:28:34.971: E/overlay(205): src_rect mdp_rect x=0 y=75 w=9 h=1845
10-18 11:28:34.971: E/overlay(205): dst_rect mdp_rect x=1071 y=75 w=9 h=1845
10-18 11:28:34.971: E/overlay(205): user_data user_data cnt=8
10-18 11:28:34.971: E/overlay(205): i=0 val=0
10-18 11:28:34.971: E/overlay(205): i=1 val=0
10-18 11:28:34.971: E/overlay(205): i=2 val=0
10-18 11:28:34.971: E/overlay(205): i=3 val=0
10-18 11:28:34.971: E/overlay(205): i=4 val=0
10-18 11:28:34.971: E/overlay(205): i=5 val=0
10-18 11:28:34.971: E/overlay(205): i=6 val=0
10-18 11:28:34.971: E/overlay(205): i=7 val=0
10-18 11:28:34.971: E/overlay(205): == Last good known OVInfo is:  mdp_overlay z=0 fg=0 alpha=0 mask=0 flags=0x0 id=-1
10-18 11:28:34.971: E/overlay(205): src msmfb_img w=0 h=0 format=0 MDP_RGB_565
10-18 11:28:34.971: E/overlay(205): src_rect mdp_rect x=0 y=0 w=0 h=0
10-18 11:28:34.971: E/overlay(205): dst_rect mdp_rect x=0 y=0 w=0 h=0
10-18 11:28:34.971: E/overlay(205): user_data user_data cnt=8
10-18 11:28:34.971: E/overlay(205): i=0 val=0
10-18 11:28:34.971: E/overlay(205): i=1 val=0
10-18 11:28:34.971: E/overlay(205): i=2 val=0
10-18 11:28:34.971: E/overlay(205): i=3 val=0
10-18 11:28:34.971: E/overlay(205): i=4 val=0
10-18 11:28:34.971: E/overlay(205): i=5 val=0
10-18 11:28:34.971: E/overlay(205): i=6 val=0
10-18 11:28:34.971: E/overlay(205): i=7 val=0
10-18 11:28:34.971: E/overlay(205): MdpCtrl Lkgo ov has id -1, will not restore
10-18 11:28:34.971: E/overlay(205): Ctrl commit failed set overlay
10-18 11:28:34.971: E/overlay(205): OverlayImpl p0 failed to commit
10-18 11:28:34.971: E/overlay(205): Overlay commit failed
10-18 11:28:34.971: E/hwcomposer(205): prepare: commit failed
10-18 11:28:35.271: E/overlay(205): Failed to call ioctl MSMFB_OVERLAY_SET err=Operation not permitted
10-18 11:28:35.271: E/overlay(205): MdpCtrl failed to setOverlay, restoring last known good ov info
10-18 11:28:35.271: E/overlay(205): == Bad OVInfo is:  mdp_overlay z=0 fg=1 alpha=255 mask=-1 flags=0x840000 id=-1
10-18 11:28:35.271: E/overlay(205): src msmfb_img w=1088 h=1920 format=14 MDP_RGBX_8888
10-18 11:28:35.271: E/overlay(205): src_rect mdp_rect x=0 y=75 w=1080 h=1845
10-18 11:28:35.271: E/overlay(205): dst_rect mdp_rect x=0 y=75 w=1080 h=1845
10-18 11:28:35.271: E/overlay(205): user_data user_data cnt=8
10-18 11:28:35.271: E/overlay(205): i=0 val=0
10-18 11:28:35.271: E/overlay(205): i=1 val=0
10-18 11:28:35.271: E/overlay(205): i=2 val=0
10-18 11:28:35.271: E/overlay(205): i=3 val=0
10-18 11:28:35.271: E/overlay(205): i=4 val=0
10-18 11:28:35.271: E/overlay(205): i=5 val=0
10-18 11:28:35.271: E/overlay(205): i=6 val=0
10-18 11:28:35.271: E/overlay(205): i=7 val=0
10-18 11:28:35.271: E/overlay(205): == Last good known OVInfo is:  mdp_overlay z=0 fg=0 alpha=0 mask=0 flags=0x0 id=-1
10-18 11:28:35.271: E/overlay(205): src msmfb_img w=0 h=0 format=0 MDP_RGB_565
10-18 11:28:35.271: E/overlay(205): src_rect mdp_rect x=0 y=0 w=0 h=0
10-18 11:28:35.271: E/overlay(205): dst_rect mdp_rect x=0 y=0 w=0 h=0
10-18 11:28:35.271: E/overlay(205): user_data user_data cnt=8
10-18 11:28:35.271: E/overlay(205): i=0 val=0
10-18 11:28:35.271: E/overlay(205): i=1 val=0
10-18 11:28:35.271: E/overlay(205): i=2 val=0
10-18 11:28:35.271: E/overlay(205): i=3 val=0
10-18 11:28:35.271: E/overlay(205): i=4 val=0
10-18 11:28:35.271: E/overlay(205): i=5 val=0
10-18 11:28:35.271: E/overlay(205): i=6 val=0
10-18 11:28:35.271: E/overlay(205): i=7 val=0
10-18 11:28:35.271: E/overlay(205): MdpCtrl Lkgo ov has id -1, will not restore
10-18 11:28:35.271: E/overlay(205): Ctrl commit failed set overlay
10-18 11:28:35.271: E/overlay(205): OverlayImpl p0 failed to commit
10-18 11:28:35.271: E/overlay(205): Overlay commit failed
10-18 11:28:35.271: E/hwcomposer(205): prepare: commit failed
10-18 11:28:47.504: E/wpa_supplicant(14931): wlan0: Connect to SSID: D2CC-mobile
10-18 11:28:49.806: E/Trace(26359): error opening trace file: No such file or directory (2)
10-18 11:28:49.967: E/Trace(26375): error opening trace file: No such file or directory (2)
10-18 11:28:58.395: E/CommandListener(213): [TIMEOUT]
10-18 11:28:58.416: E/CommandListener(213): error sending retrieving ipv6 gateway:Invalid argument
10-18 11:28:58.416: E/WifiStateMachine(576): Error in requestRtSol for interface wlan0, :java.lang.IllegalStateException: command '7695 rtsol wlan0' failed with '400 7695 Invalid argument'
10-18 11:28:58.416: E/NetdConnector(576): NDC Command {7695 rtsol wlan0} took too long (5044ms)
10-18 11:28:58.806: E/StrictMode(12616): A resource was acquired at attached stack trace but never released. See java.io.Closeable for information on avoiding resource leaks.
10-18 11:28:58.806: E/StrictMode(12616): java.lang.Throwable: Explicit termination method 'end' not called
10-18 11:28:58.806: E/StrictMode(12616): 	at dalvik.system.CloseGuard.open(CloseGuard.java:184)
10-18 11:28:58.806: E/StrictMode(12616): 	at java.util.zip.Inflater.<init>(Inflater.java:82)
10-18 11:28:58.806: E/StrictMode(12616): 	at com.fsck.k9.mail.store.ImapStore$ImapConnection.open(ImapStore.java:2564)
10-18 11:28:58.806: E/StrictMode(12616): 	at com.fsck.k9.mail.store.ImapStore$ImapConnection.sendCommand(ImapStore.java:2774)
10-18 11:28:58.806: E/StrictMode(12616): 	at com.fsck.k9.mail.store.ImapStore$ImapConnection.executeSimpleCommand(ImapStore.java:2825)
10-18 11:28:58.806: E/StrictMode(12616): 	at com.fsck.k9.mail.store.ImapStore$ImapConnection.executeSimpleCommand(ImapStore.java:2806)
10-18 11:28:58.806: E/StrictMode(12616): 	at com.fsck.k9.mail.store.ImapStore$ImapFolder.executeSimpleCommand(ImapStore.java:864)
10-18 11:28:58.806: E/StrictMode(12616): 	at com.fsck.k9.mail.store.ImapStore$ImapFolder.internalOpen(ImapStore.java:910)
10-18 11:28:58.806: E/StrictMode(12616): 	at com.fsck.k9.mail.store.ImapStore$ImapFolderPusher.internalOpen(ImapStore.java:1)
10-18 11:28:58.806: E/StrictMode(12616): 	at com.fsck.k9.mail.store.ImapStore$ImapFolderPusher$1.run(ImapStore.java:2987)
10-18 11:28:58.806: E/StrictMode(12616): 	at java.lang.Thread.run(Thread.java:864)
10-18 11:28:58.806: E/StrictMode(12616): A resource was acquired at attached stack trace but never released. See java.io.Closeable for information on avoiding resource leaks.
10-18 11:28:58.806: E/StrictMode(12616): java.lang.Throwable: Explicit termination method 'end' not called
10-18 11:28:58.806: E/StrictMode(12616): 	at dalvik.system.CloseGuard.open(CloseGuard.java:184)
10-18 11:28:58.806: E/StrictMode(12616): 	at java.util.zip.Inflater.<init>(Inflater.java:82)
10-18 11:28:58.806: E/StrictMode(12616): 	at com.fsck.k9.mail.store.ImapStore$ImapConnection.open(ImapStore.java:2564)
10-18 11:28:58.806: E/StrictMode(12616): 	at com.fsck.k9.mail.store.ImapStore$ImapFolder.getPrefixedName(ImapStore.java:848)
10-18 11:28:58.806: E/StrictMode(12616): 	at com.fsck.k9.mail.store.ImapStore$ImapFolderPusher.getPrefixedName(ImapStore.java:1)
10-18 11:28:58.806: E/StrictMode(12616): 	at com.fsck.k9.mail.store.ImapStore$ImapFolder.internalOpen(ImapStore.java:908)
10-18 11:28:58.806: E/StrictMode(12616): 	at com.fsck.k9.mail.store.ImapStore$ImapFolderPusher.internalOpen(ImapStore.java:1)
10-18 11:28:58.806: E/StrictMode(12616): 	at com.fsck.k9.mail.store.ImapStore$ImapFolderPusher$1.run(ImapStore.java:2987)
10-18 11:28:58.806: E/StrictMode(12616): 	at java.lang.Thread.run(Thread.java:864)
10-18 11:29:24.684: E/wpa_supplicant(14931): wlan0: Connect to SSID: D2CC-mobile
10-18 11:29:27.086: E/Trace(26546): error opening trace file: No such file or directory (2)
10-18 11:29:27.246: E/Trace(26561): error opening trace file: No such file or directory (2)
10-18 11:29:27.807: E/StrictMode(12616): A resource was acquired at attached stack trace but never released. See java.io.Closeable for information on avoiding resource leaks.
10-18 11:29:27.807: E/StrictMode(12616): java.lang.Throwable: Explicit termination method 'end' not called
10-18 11:29:27.807: E/StrictMode(12616): 	at dalvik.system.CloseGuard.open(CloseGuard.java:184)
10-18 11:29:27.807: E/StrictMode(12616): 	at java.util.zip.Inflater.<init>(Inflater.java:82)
10-18 11:29:27.807: E/StrictMode(12616): 	at com.fsck.k9.mail.store.ImapStore$ImapConnection.open(ImapStore.java:2564)
10-18 11:29:27.807: E/StrictMode(12616): 	at com.fsck.k9.mail.store.ImapStore$ImapFolder.getPrefixedName(ImapStore.java:848)
10-18 11:29:27.807: E/StrictMode(12616): 	at com.fsck.k9.mail.store.ImapStore$ImapFolderPusher.getPrefixedName(ImapStore.java:1)
10-18 11:29:27.807: E/StrictMode(12616): 	at com.fsck.k9.mail.store.ImapStore$ImapFolder.internalOpen(ImapStore.java:908)
10-18 11:29:27.807: E/StrictMode(12616): 	at com.fsck.k9.mail.store.ImapStore$ImapFolderPusher.internalOpen(ImapStore.java:1)
10-18 11:29:27.807: E/StrictMode(12616): 	at com.fsck.k9.mail.store.ImapStore$ImapFolderPusher$1.run(ImapStore.java:2987)
10-18 11:29:27.807: E/StrictMode(12616): 	at java.lang.Thread.run(Thread.java:864)
10-18 11:29:27.807: E/StrictMode(12616): A resource was acquired at attached stack trace but never released. See java.io.Closeable for information on avoiding resource leaks.
10-18 11:29:27.807: E/StrictMode(12616): java.lang.Throwable: Explicit termination method 'end' not called
10-18 11:29:27.807: E/StrictMode(12616): 	at dalvik.system.CloseGuard.open(CloseGuard.java:184)
10-18 11:29:27.807: E/StrictMode(12616): 	at java.util.zip.Inflater.<init>(Inflater.java:82)
10-18 11:29:27.807: E/StrictMode(12616): 	at com.fsck.k9.mail.store.ImapStore$ImapConnection.open(ImapStore.java:2564)
10-18 11:29:27.807: E/StrictMode(12616): 	at com.fsck.k9.mail.store.ImapStore$ImapConnection.sendCommand(ImapStore.java:2774)
10-18 11:29:27.807: E/StrictMode(12616): 	at com.fsck.k9.mail.store.ImapStore$ImapConnection.executeSimpleCommand(ImapStore.java:2825)
10-18 11:29:27.807: E/StrictMode(12616): 	at com.fsck.k9.mail.store.ImapStore$ImapConnection.executeSimpleCommand(ImapStore.java:2806)
10-18 11:29:27.807: E/StrictMode(12616): 	at com.fsck.k9.mail.store.ImapStore$ImapFolder.executeSimpleCommand(ImapStore.java:864)
10-18 11:29:27.807: E/StrictMode(12616): 	at com.fsck.k9.mail.store.ImapStore$ImapFolder.internalOpen(ImapStore.java:910)
10-18 11:29:27.807: E/StrictMode(12616): 	at com.fsck.k9.mail.store.ImapStore$ImapFolderPusher.internalOpen(ImapStore.java:1)
10-18 11:29:27.807: E/StrictMode(12616): 	at com.fsck.k9.mail.store.ImapStore$ImapFolderPusher$1.run(ImapStore.java:2987)
10-18 11:29:27.807: E/StrictMode(12616): 	at java.lang.Thread.run(Thread.java:864)
10-18 11:29:34.514: E/(16262): [FB565] fb_update: FBIOPAN_DISPLAY failed, yoffset=0, partial_update=0, left=0, top=0, eright=1080, ebottom=1920
10-18 11:29:34.524: E/(16262): [FB565] fb_update: FBIOPAN_DISPLAY failed, yoffset=0, partial_update=1, left=240, top=779, eright=840, ebottom=1141
10-18 11:29:34.524: E/(16262): [FB565] fb_update: FBIOPAN_DISPLAY failed, yoffset=0, partial_update=1, left=432, top=1141, eright=648, ebottom=1225
10-18 11:29:35.315: E/CommandListener(213): [TIMEOUT]
10-18 11:29:35.365: E/CommandListener(213): error sending retrieving ipv6 gateway:Invalid argument
10-18 11:29:35.365: E/WifiStateMachine(576): Error in requestRtSol for interface wlan0, :java.lang.IllegalStateException: command '7703 rtsol wlan0' failed with '400 7703 Invalid argument'
10-18 11:29:35.365: E/NetdConnector(576): NDC Command {7703 rtsol wlan0} took too long (5070ms)
10-18 11:31:48.607: E/wpa_supplicant(14931): wlan0: Connect to SSID: D2CC-mobile
10-18 11:31:51.720: E/Trace(26789): error opening trace file: No such file or directory (2)
10-18 11:31:51.921: E/Trace(26803): error opening trace file: No such file or directory (2)
10-18 11:31:59.699: E/CommandListener(213): [TIMEOUT]
10-18 11:31:59.709: E/CommandListener(213): error sending retrieving ipv6 gateway:Invalid argument
10-18 11:31:59.709: E/WifiStateMachine(576): Error in requestRtSol for interface wlan0, :java.lang.IllegalStateException: command '7711 rtsol wlan0' failed with '400 7711 Invalid argument'
10-18 11:31:59.709: E/NetdConnector(576): NDC Command {7711 rtsol wlan0} took too long (5042ms)
10-18 11:32:01.080: E/StrictMode(12616): A resource was acquired at attached stack trace but never released. See java.io.Closeable for information on avoiding resource leaks.
10-18 11:32:01.080: E/StrictMode(12616): java.lang.Throwable: Explicit termination method 'end' not called
10-18 11:32:01.080: E/StrictMode(12616): 	at dalvik.system.CloseGuard.open(CloseGuard.java:184)
10-18 11:32:01.080: E/StrictMode(12616): 	at java.util.zip.Inflater.<init>(Inflater.java:82)
10-18 11:32:01.080: E/StrictMode(12616): 	at com.fsck.k9.mail.store.ImapStore$ImapConnection.open(ImapStore.java:2564)
10-18 11:32:01.080: E/StrictMode(12616): 	at com.fsck.k9.mail.store.ImapStore$ImapConnection.sendCommand(ImapStore.java:2774)
10-18 11:32:01.080: E/StrictMode(12616): 	at com.fsck.k9.mail.store.ImapStore$ImapConnection.executeSimpleCommand(ImapStore.java:2825)
10-18 11:32:01.080: E/StrictMode(12616): 	at com.fsck.k9.mail.store.ImapStore$ImapConnection.executeSimpleCommand(ImapStore.java:2806)
10-18 11:32:01.080: E/StrictMode(12616): 	at com.fsck.k9.mail.store.ImapStore$ImapFolder.executeSimpleCommand(ImapStore.java:864)
10-18 11:32:01.080: E/StrictMode(12616): 	at com.fsck.k9.mail.store.ImapStore$ImapFolder.internalOpen(ImapStore.java:910)
10-18 11:32:01.080: E/StrictMode(12616): 	at com.fsck.k9.mail.store.ImapStore$ImapFolderPusher.internalOpen(ImapStore.java:1)
10-18 11:32:01.080: E/StrictMode(12616): 	at com.fsck.k9.mail.store.ImapStore$ImapFolderPusher$1.run(ImapStore.java:2987)
10-18 11:32:01.080: E/StrictMode(12616): 	at java.lang.Thread.run(Thread.java:864)
10-18 11:32:01.080: E/StrictMode(12616): A resource was acquired at attached stack trace but never released. See java.io.Closeable for information on avoiding resource leaks.
10-18 11:32:01.080: E/StrictMode(12616): java.lang.Throwable: Explicit termination method 'end' not called
10-18 11:32:01.080: E/StrictMode(12616): 	at dalvik.system.CloseGuard.open(CloseGuard.java:184)
10-18 11:32:01.080: E/StrictMode(12616): 	at java.util.zip.Inflater.<init>(Inflater.java:82)
10-18 11:32:01.080: E/StrictMode(12616): 	at com.fsck.k9.mail.store.ImapStore$ImapConnection.open(ImapStore.java:2564)
10-18 11:32:01.080: E/StrictMode(12616): 	at com.fsck.k9.mail.store.ImapStore$ImapFolder.getPrefixedName(ImapStore.java:848)
10-18 11:32:01.080: E/StrictMode(12616): 	at com.fsck.k9.mail.store.ImapStore$ImapFolderPusher.getPrefixedName(ImapStore.java:1)
10-18 11:32:01.080: E/StrictMode(12616): 	at com.fsck.k9.mail.store.ImapStore$ImapFolder.internalOpen(ImapStore.java:908)
10-18 11:32:01.080: E/StrictMode(12616): 	at com.fsck.k9.mail.store.ImapStore$ImapFolderPusher.internalOpen(ImapStore.java:1)
10-18 11:32:01.080: E/StrictMode(12616): 	at com.fsck.k9.mail.store.ImapStore$ImapFolderPusher$1.run(ImapStore.java:2987)
10-18 11:32:01.080: E/StrictMode(12616): 	at java.lang.Thread.run(Thread.java:864)
10-18 11:32:38.000: E/SQLiteLog(25341): (1) no such table: mr_friend_D005CE7AEEF46BD18515F783FB8E87FA_New
10-18 11:32:38.010: E/SQLiteLog(25341): (1) no such table: mr_friend_FA246D0262C3925617B0C72BB20EEB1D_New
10-18 11:34:32.512: E/overlay(205): Failed to call ioctl MSMFB_OVERLAY_SET err=Operation not permitted
10-18 11:34:32.512: E/overlay(205): MdpCtrl failed to setOverlay, restoring last known good ov info
10-18 11:34:32.512: E/overlay(205): == Bad OVInfo is:  mdp_overlay z=1 fg=0 alpha=255 mask=-1 flags=0x840000 id=-1
10-18 11:34:32.512: E/overlay(205): src msmfb_img w=1088 h=1920 format=14 MDP_RGBX_8888
10-18 11:34:32.512: E/overlay(205): src_rect mdp_rect x=0 y=75 w=1076 h=1845
10-18 11:34:32.512: E/overlay(205): dst_rect mdp_rect x=4 y=75 w=1076 h=1845
10-18 11:34:32.512: E/overlay(205): user_data user_data cnt=8
10-18 11:34:32.512: E/overlay(205): i=0 val=0
10-18 11:34:32.512: E/overlay(205): i=1 val=0
10-18 11:34:32.512: E/overlay(205): i=2 val=0
10-18 11:34:32.512: E/overlay(205): i=3 val=0
10-18 11:34:32.512: E/overlay(205): i=4 val=0
10-18 11:34:32.512: E/overlay(205): i=5 val=0
10-18 11:34:32.512: E/overlay(205): i=6 val=0
10-18 11:34:32.512: E/overlay(205): i=7 val=0
10-18 11:34:32.512: E/overlay(205): == Last good known OVInfo is:  mdp_overlay z=0 fg=0 alpha=0 mask=0 flags=0x0 id=-1
10-18 11:34:32.512: E/overlay(205): src msmfb_img w=0 h=0 format=0 MDP_RGB_565
10-18 11:34:32.512: E/overlay(205): src_rect mdp_rect x=0 y=0 w=0 h=0
10-18 11:34:32.512: E/overlay(205): dst_rect mdp_rect x=0 y=0 w=0 h=0
10-18 11:34:32.512: E/overlay(205): user_data user_data cnt=8
10-18 11:34:32.512: E/overlay(205): i=0 val=0
10-18 11:34:32.512: E/overlay(205): i=1 val=0
10-18 11:34:32.512: E/overlay(205): i=2 val=0
10-18 11:34:32.512: E/overlay(205): i=3 val=0
10-18 11:34:32.512: E/overlay(205): i=4 val=0
10-18 11:34:32.512: E/overlay(205): i=5 val=0
10-18 11:34:32.512: E/overlay(205): i=6 val=0
10-18 11:34:32.512: E/overlay(205): i=7 val=0
10-18 11:34:32.512: E/overlay(205): MdpCtrl Lkgo ov has id -1, will not restore
10-18 11:34:32.512: E/overlay(205): Ctrl commit failed set overlay
10-18 11:34:32.512: E/overlay(205): OverlayImpl p0 failed to commit
10-18 11:34:32.512: E/overlay(205): Overlay commit failed
10-18 11:34:32.512: E/hwcomposer(205): prepare: commit failed
10-18 11:34:32.832: E/overlay(205): Failed to call ioctl MSMFB_OVERLAY_SET err=Operation not permitted
10-18 11:34:32.832: E/overlay(205): MdpCtrl failed to setOverlay, restoring last known good ov info
10-18 11:34:32.832: E/overlay(205): == Bad OVInfo is:  mdp_overlay z=0 fg=1 alpha=255 mask=-1 flags=0x840000 id=-1
10-18 11:34:32.832: E/overlay(205): src msmfb_img w=1088 h=1920 format=14 MDP_RGBX_8888
10-18 11:34:32.832: E/overlay(205): src_rect mdp_rect x=0 y=75 w=1080 h=1845
10-18 11:34:32.832: E/overlay(205): dst_rect mdp_rect x=0 y=75 w=1080 h=1845
10-18 11:34:32.832: E/overlay(205): user_data user_data cnt=8
10-18 11:34:32.832: E/overlay(205): i=0 val=0
10-18 11:34:32.832: E/overlay(205): i=1 val=0
10-18 11:34:32.832: E/overlay(205): i=2 val=0
10-18 11:34:32.832: E/overlay(205): i=3 val=0
10-18 11:34:32.832: E/overlay(205): i=4 val=0
10-18 11:34:32.832: E/overlay(205): i=5 val=0
10-18 11:34:32.832: E/overlay(205): i=6 val=0
10-18 11:34:32.832: E/overlay(205): i=7 val=0
10-18 11:34:32.832: E/overlay(205): == Last good known OVInfo is:  mdp_overlay z=0 fg=0 alpha=0 mask=0 flags=0x0 id=-1
10-18 11:34:32.832: E/overlay(205): src msmfb_img w=0 h=0 format=0 MDP_RGB_565
10-18 11:34:32.832: E/overlay(205): src_rect mdp_rect x=0 y=0 w=0 h=0
10-18 11:34:32.832: E/overlay(205): dst_rect mdp_rect x=0 y=0 w=0 h=0
10-18 11:34:32.832: E/overlay(205): user_data user_data cnt=8
10-18 11:34:32.832: E/overlay(205): i=0 val=0
10-18 11:34:32.832: E/overlay(205): i=1 val=0
10-18 11:34:32.832: E/overlay(205): i=2 val=0
10-18 11:34:32.832: E/overlay(205): i=3 val=0
10-18 11:34:32.832: E/overlay(205): i=4 val=0
10-18 11:34:32.832: E/overlay(205): i=5 val=0
10-18 11:34:32.832: E/overlay(205): i=6 val=0
10-18 11:34:32.832: E/overlay(205): i=7 val=0
10-18 11:34:32.832: E/overlay(205): MdpCtrl Lkgo ov has id -1, will not restore
10-18 11:34:32.832: E/overlay(205): Ctrl commit failed set overlay
10-18 11:34:32.832: E/overlay(205): OverlayImpl p0 failed to commit
10-18 11:34:32.832: E/overlay(205): Overlay commit failed
10-18 11:34:32.832: E/hwcomposer(205): prepare: commit failed
10-18 11:34:34.214: E/wpa_supplicant(14931): wlan0: Connect to SSID: D2CC-mobile
10-18 11:34:34.835: E/overlay(205): Failed to call ioctl MSMFB_OVERLAY_SET err=Operation not permitted
10-18 11:34:34.835: E/overlay(205): MdpCtrl failed to setOverlay, restoring last known good ov info
10-18 11:34:34.835: E/overlay(205): == Bad OVInfo is:  mdp_overlay z=1 fg=0 alpha=255 mask=-1 flags=0x840000 id=-1
10-18 11:34:34.835: E/overlay(205): src msmfb_img w=1088 h=1920 format=12 MDP_RGBA_8888
10-18 11:34:34.835: E/overlay(205): src_rect mdp_rect x=0 y=0 w=1080 h=1920
10-18 11:34:34.835: E/overlay(205): dst_rect mdp_rect x=0 y=0 w=1080 h=1920
10-18 11:34:34.835: E/overlay(205): user_data user_data cnt=8
10-18 11:34:34.835: E/overlay(205): i=0 val=0
10-18 11:34:34.835: E/overlay(205): i=1 val=0
10-18 11:34:34.835: E/overlay(205): i=2 val=0
10-18 11:34:34.835: E/overlay(205): i=3 val=0
10-18 11:34:34.835: E/overlay(205): i=4 val=0
10-18 11:34:34.835: E/overlay(205): i=5 val=0
10-18 11:34:34.835: E/overlay(205): i=6 val=0
10-18 11:34:34.835: E/overlay(205): i=7 val=0
10-18 11:34:34.835: E/overlay(205): == Last good known OVInfo is:  mdp_overlay z=0 fg=0 alpha=0 mask=0 flags=0x0 id=-1
10-18 11:34:34.835: E/overlay(205): src msmfb_img w=0 h=0 format=0 MDP_RGB_565
10-18 11:34:34.835: E/overlay(205): src_rect mdp_rect x=0 y=0 w=0 h=0
10-18 11:34:34.835: E/overlay(205): dst_rect mdp_rect x=0 y=0 w=0 h=0
10-18 11:34:34.835: E/overlay(205): user_data user_data cnt=8
10-18 11:34:34.835: E/overlay(205): i=0 val=0
10-18 11:34:34.835: E/overlay(205): i=1 val=0
10-18 11:34:34.835: E/overlay(205): i=2 val=0
10-18 11:34:34.835: E/overlay(205): i=3 val=0
10-18 11:34:34.835: E/overlay(205): i=4 val=0
10-18 11:34:34.835: E/overlay(205): i=5 val=0
10-18 11:34:34.835: E/overlay(205): i=6 val=0
10-18 11:34:34.835: E/overlay(205): i=7 val=0
10-18 11:34:34.835: E/overlay(205): MdpCtrl Lkgo ov has id -1, will not restore
10-18 11:34:34.835: E/overlay(205): Ctrl commit failed set overlay
10-18 11:34:34.835: E/overlay(205): OverlayImpl p0 failed to commit
10-18 11:34:34.835: E/overlay(205): Overlay commit failed
10-18 11:34:34.835: E/hwcomposer(205): prepare: commit failed
10-18 11:34:36.686: E/Trace(27130): error opening trace file: No such file or directory (2)
10-18 11:34:36.867: E/Trace(27145): error opening trace file: No such file or directory (2)
10-18 11:34:41.882: E/jdwp(27258): Failed sending reply to debugger: Broken pipe
10-18 11:34:41.892: E/Trace(27258): error opening trace file: No such file or directory (2)
10-18 11:34:42.062: E/EmbeddedLogger(576): App crashed! Process: com.time.master
10-18 11:34:42.062: E/EmbeddedLogger(576): App crashed! Package: com.time.master v1 (1.0)
10-18 11:34:42.062: E/EmbeddedLogger(576): Application Label: TimeMaster
10-18 11:34:42.062: E/AndroidRuntime(27258): FATAL EXCEPTION: main
10-18 11:34:42.062: E/AndroidRuntime(27258): java.lang.RuntimeException: Unable to start activity ComponentInfo{com.time.master/com.time.master.activity.FrameActivity}: android.view.InflateException: Binary XML file line #61: Error inflating class fragment
10-18 11:34:42.062: E/AndroidRuntime(27258): 	at android.app.ActivityThread.performLaunchActivity(ActivityThread.java:2355)
10-18 11:34:42.062: E/AndroidRuntime(27258): 	at android.app.ActivityThread.handleLaunchActivity(ActivityThread.java:2391)
10-18 11:34:42.062: E/AndroidRuntime(27258): 	at android.app.ActivityThread.access$600(ActivityThread.java:151)
10-18 11:34:42.062: E/AndroidRuntime(27258): 	at android.app.ActivityThread$H.handleMessage(ActivityThread.java:1335)
10-18 11:34:42.062: E/AndroidRuntime(27258): 	at android.os.Handler.dispatchMessage(Handler.java:99)
10-18 11:34:42.062: E/AndroidRuntime(27258): 	at android.os.Looper.loop(Looper.java:155)
10-18 11:34:42.062: E/AndroidRuntime(27258): 	at android.app.ActivityThread.main(ActivityThread.java:5511)
10-18 11:34:42.062: E/AndroidRuntime(27258): 	at java.lang.reflect.Method.invokeNative(Native Method)
10-18 11:34:42.062: E/AndroidRuntime(27258): 	at java.lang.reflect.Method.invoke(Method.java:511)
10-18 11:34:42.062: E/AndroidRuntime(27258): 	at com.android.internal.os.ZygoteInit$MethodAndArgsCaller.run(ZygoteInit.java:1029)
10-18 11:34:42.062: E/AndroidRuntime(27258): 	at com.android.internal.os.ZygoteInit.main(ZygoteInit.java:796)
10-18 11:34:42.062: E/AndroidRuntime(27258): 	at dalvik.system.NativeStart.main(Native Method)
10-18 11:34:42.062: E/AndroidRuntime(27258): Caused by: android.view.InflateException: Binary XML file line #61: Error inflating class fragment
10-18 11:34:42.062: E/AndroidRuntime(27258): 	at android.view.LayoutInflater.createViewFromTag(LayoutInflater.java:704)
10-18 11:34:42.062: E/AndroidRuntime(27258): 	at android.view.LayoutInflater.rInflate(LayoutInflater.java:746)
10-18 11:34:42.062: E/AndroidRuntime(27258): 	at android.view.LayoutInflater.rInflate(LayoutInflater.java:749)
10-18 11:34:42.062: E/AndroidRuntime(27258): 	at android.view.LayoutInflater.rInflate(LayoutInflater.java:749)
10-18 11:34:42.062: E/AndroidRuntime(27258): 	at android.view.LayoutInflater.rInflate(LayoutInflater.java:749)
10-18 11:34:42.062: E/AndroidRuntime(27258): 	at android.view.LayoutInflater.inflate(LayoutInflater.java:489)
10-18 11:34:42.062: E/AndroidRuntime(27258): 	at android.view.LayoutInflater.inflate(LayoutInflater.java:396)
10-18 11:34:42.062: E/AndroidRuntime(27258): 	at android.view.LayoutInflater.inflate(LayoutInflater.java:352)
10-18 11:34:42.062: E/AndroidRuntime(27258): 	at com.android.internal.policy.impl.PhoneWindow.setContentView(PhoneWindow.java:369)
10-18 11:34:42.062: E/AndroidRuntime(27258): 	at android.app.Activity.setContentView(Activity.java:1912)
10-18 11:34:42.062: E/AndroidRuntime(27258): 	at com.time.master.activity.FrameActivity.onCreate(FrameActivity.java:33)
10-18 11:34:42.062: E/AndroidRuntime(27258): 	at android.app.Activity.performCreate(Activity.java:5066)
10-18 11:34:42.062: E/AndroidRuntime(27258): 	at android.app.Instrumentation.callActivityOnCreate(Instrumentation.java:1101)
10-18 11:34:42.062: E/AndroidRuntime(27258): 	at android.app.ActivityThread.performLaunchActivity(ActivityThread.java:2311)
10-18 11:34:42.062: E/AndroidRuntime(27258): 	... 11 more
10-18 11:34:42.062: E/AndroidRuntime(27258): Caused by: java.lang.IllegalStateException: Fragment com.time.master.fragment.DateFragment did not create a view.
10-18 11:34:42.062: E/AndroidRuntime(27258): 	at android.support.v4.app.FragmentActivity.onCreateView(FragmentActivity.java:295)
10-18 11:34:42.062: E/AndroidRuntime(27258): 	at android.view.LayoutInflater.createViewFromTag(LayoutInflater.java:676)
10-18 11:34:42.062: E/AndroidRuntime(27258): 	... 24 more
10-18 11:34:43.314: E/StrictMode(12616): A resource was acquired at attached stack trace but never released. See java.io.Closeable for information on avoiding resource leaks.
10-18 11:34:43.314: E/StrictMode(12616): java.lang.Throwable: Explicit termination method 'end' not called
10-18 11:34:43.314: E/StrictMode(12616): 	at dalvik.system.CloseGuard.open(CloseGuard.java:184)
10-18 11:34:43.314: E/StrictMode(12616): 	at java.util.zip.Inflater.<init>(Inflater.java:82)
10-18 11:34:43.314: E/StrictMode(12616): 	at com.fsck.k9.mail.store.ImapStore$ImapConnection.open(ImapStore.java:2564)
10-18 11:34:43.314: E/StrictMode(12616): 	at com.fsck.k9.mail.store.ImapStore$ImapFolder.getPrefixedName(ImapStore.java:848)
10-18 11:34:43.314: E/StrictMode(12616): 	at com.fsck.k9.mail.store.ImapStore$ImapFolderPusher.getPrefixedName(ImapStore.java:1)
10-18 11:34:43.314: E/StrictMode(12616): 	at com.fsck.k9.mail.store.ImapStore$ImapFolder.internalOpen(ImapStore.java:908)
10-18 11:34:43.314: E/StrictMode(12616): 	at com.fsck.k9.mail.store.ImapStore$ImapFolderPusher.internalOpen(ImapStore.java:1)
10-18 11:34:43.314: E/StrictMode(12616): 	at com.fsck.k9.mail.store.ImapStore$ImapFolderPusher$1.run(ImapStore.java:2987)
10-18 11:34:43.314: E/StrictMode(12616): 	at java.lang.Thread.run(Thread.java:864)
10-18 11:34:43.314: E/StrictMode(12616): A resource was acquired at attached stack trace but never released. See java.io.Closeable for information on avoiding resource leaks.
10-18 11:34:43.314: E/StrictMode(12616): java.lang.Throwable: Explicit termination method 'end' not called
10-18 11:34:43.314: E/StrictMode(12616): 	at dalvik.system.CloseGuard.open(CloseGuard.java:184)
10-18 11:34:43.314: E/StrictMode(12616): 	at java.util.zip.Inflater.<init>(Inflater.java:82)
10-18 11:34:43.314: E/StrictMode(12616): 	at com.fsck.k9.mail.store.ImapStore$ImapConnection.open(ImapStore.java:2564)
10-18 11:34:43.314: E/StrictMode(12616): 	at com.fsck.k9.mail.store.ImapStore$ImapConnection.sendCommand(ImapStore.java:2774)
10-18 11:34:43.314: E/StrictMode(12616): 	at com.fsck.k9.mail.store.ImapStore$ImapConnection.executeSimpleCommand(ImapStore.java:2825)
10-18 11:34:43.314: E/StrictMode(12616): 	at com.fsck.k9.mail.store.ImapStore$ImapConnection.executeSimpleCommand(ImapStore.java:2806)
10-18 11:34:43.314: E/StrictMode(12616): 	at com.fsck.k9.mail.store.ImapStore$ImapFolder.executeSimpleCommand(ImapStore.java:864)
10-18 11:34:43.314: E/StrictMode(12616): 	at com.fsck.k9.mail.store.ImapStore$ImapFolder.internalOpen(ImapStore.java:910)
10-18 11:34:43.314: E/StrictMode(12616): 	at com.fsck.k9.mail.store.ImapStore$ImapFolderPusher.internalOpen(ImapStore.java:1)
10-18 11:34:43.314: E/StrictMode(12616): 	at com.fsck.k9.mail.store.ImapStore$ImapFolderPusher$1.run(ImapStore.java:2987)
10-18 11:34:43.314: E/StrictMode(12616): 	at java.lang.Thread.run(Thread.java:864)
10-18 11:34:45.055: E/CommandListener(213): [TIMEOUT]
10-18 11:34:45.075: E/CommandListener(213): error sending retrieving ipv6 gateway:Invalid argument
10-18 11:34:45.075: E/WifiStateMachine(576): Error in requestRtSol for interface wlan0, :java.lang.IllegalStateException: command '7719 rtsol wlan0' failed with '400 7719 Invalid argument'
10-18 11:34:45.075: E/NetdConnector(576): NDC Command {7719 rtsol wlan0} took too long (5060ms)
